  GSPlay.cpp
C:\Users\GLSchool01\Documents\NguyenVanHoan\NewTrainingFramework\NewTrainingFramework\GameManager\GSPlay.cpp(27,17): warning C4244: 'initializing': conversion from 'int' to 'float', possible loss of data
C:\Users\GLSchool01\Documents\NguyenVanHoan\NewTrainingFramework\NewTrainingFramework\GameManager\GSPlay.cpp(28,17): warning C4244: 'initializing': conversion from 'int' to 'float', possible loss of data
C:\Users\GLSchool01\Documents\NguyenVanHoan\NewTrainingFramework\NewTrainingFramework\GameManager\GSPlay.cpp(30,29): warning C4244: 'argument': conversion from 'float' to 'int', possible loss of data
C:\Users\GLSchool01\Documents\NguyenVanHoan\NewTrainingFramework\NewTrainingFramework\GameManager\GSPlay.cpp(30,26): warning C4244: 'argument': conversion from 'float' to 'int', possible loss of data
C:\Users\GLSchool01\Documents\NguyenVanHoan\NewTrainingFramework\NewTrainingFramework\GameManager\GSPlay.cpp(42,17): warning C4244: 'initializing': conversion from 'int' to 'float', possible loss of data
C:\Users\GLSchool01\Documents\NguyenVanHoan\NewTrainingFramework\NewTrainingFramework\GameManager\GSPlay.cpp(43,17): warning C4244: 'initializing': conversion from 'int' to 'float', possible loss of data
C:\Users\GLSchool01\Documents\NguyenVanHoan\NewTrainingFramework\NewTrainingFramework\GameManager\GSPlay.cpp(45,29): warning C4244: 'argument': conversion from 'float' to 'int', possible loss of data
C:\Users\GLSchool01\Documents\NguyenVanHoan\NewTrainingFramework\NewTrainingFramework\GameManager\GSPlay.cpp(45,26): warning C4244: 'argument': conversion from 'float' to 'int', possible loss of data
C:\Users\GLSchool01\Documents\NguyenVanHoan\NewTrainingFramework\NewTrainingFramework\GameManager\GSPlay.cpp(45,55): warning C4244: 'argument': conversion from 'float' to 'int', possible loss of data
C:\Users\GLSchool01\Documents\NguyenVanHoan\NewTrainingFramework\NewTrainingFramework\GameManager\GSPlay.cpp(45,50): warning C4244: 'argument': conversion from 'float' to 'int', possible loss of data
C:\Users\GLSchool01\Documents\NguyenVanHoan\NewTrainingFramework\NewTrainingFramework\GameManager\GSPlay.cpp(45,81): warning C4244: 'argument': conversion from 'float' to 'int', possible loss of data
C:\Users\GLSchool01\Documents\NguyenVanHoan\NewTrainingFramework\NewTrainingFramework\GameManager\GSPlay.cpp(45,76): warning C4244: 'argument': conversion from 'float' to 'int', possible loss of data
C:\Users\GLSchool01\Documents\NguyenVanHoan\NewTrainingFramework\NewTrainingFramework\GameManager\GSPlay.cpp(45,105): warning C4244: 'argument': conversion from 'float' to 'int', possible loss of data
C:\Users\GLSchool01\Documents\NguyenVanHoan\NewTrainingFramework\NewTrainingFramework\GameManager\GSPlay.cpp(45,100): warning C4244: 'argument': conversion from 'float' to 'int', possible loss of data
C:\Users\GLSchool01\Documents\NguyenVanHoan\NewTrainingFramework\NewTrainingFramework\GameManager\GSPlay.cpp(45,131): warning C4244: 'argument': conversion from 'float' to 'int', possible loss of data
C:\Users\GLSchool01\Documents\NguyenVanHoan\NewTrainingFramework\NewTrainingFramework\GameManager\GSPlay.cpp(45,126): warning C4244: 'argument': conversion from 'float' to 'int', possible loss of data
C:\Users\GLSchool01\Documents\NguyenVanHoan\NewTrainingFramework\NewTrainingFramework\GameManager\GSPlay.cpp(69,29): warning C4018: '<': signed/unsigned mismatch
C:\Users\GLSchool01\Documents\NguyenVanHoan\NewTrainingFramework\NewTrainingFramework\GameManager\GSPlay.cpp(75,15): warning C4244: 'argument': conversion from 'time_t' to 'unsigned int', possible loss of data
C:\Users\GLSchool01\Documents\NguyenVanHoan\NewTrainingFramework\NewTrainingFramework\GameManager\GSPlay.cpp(186,29): warning C4244: '=': conversion from 'float' to 'int', possible loss of data
C:\Users\GLSchool01\Documents\NguyenVanHoan\NewTrainingFramework\NewTrainingFramework\GameManager\GSPlay.cpp(187,29): warning C4244: '=': conversion from 'float' to 'int', possible loss of data
C:\Users\GLSchool01\Documents\NguyenVanHoan\NewTrainingFramework\NewTrainingFramework\GameManager\GSPlay.cpp(188,52): warning C4244: 'argument': conversion from 'double' to 'float', possible loss of data
C:\Users\GLSchool01\Documents\NguyenVanHoan\NewTrainingFramework\NewTrainingFramework\GameManager\GSPlay.cpp(188,31): warning C4244: 'argument': conversion from 'double' to 'float', possible loss of data
C:\Users\GLSchool01\Documents\NguyenVanHoan\NewTrainingFramework\NewTrainingFramework\GameManager\GSPlay.cpp(192,53): warning C4244: 'argument': conversion from 'double' to 'float', possible loss of data
C:\Users\GLSchool01\Documents\NguyenVanHoan\NewTrainingFramework\NewTrainingFramework\GameManager\GSPlay.cpp(192,32): warning C4244: 'argument': conversion from 'double' to 'float', possible loss of data
C:\Users\GLSchool01\Documents\NguyenVanHoan\NewTrainingFramework\NewTrainingFramework\GameManager\GSPlay.cpp(467,52): warning C4244: 'argument': conversion from 'double' to 'float', possible loss of data
C:\Users\GLSchool01\Documents\NguyenVanHoan\NewTrainingFramework\NewTrainingFramework\GameManager\GSPlay.cpp(467,31): warning C4244: 'argument': conversion from 'double' to 'float', possible loss of data
C:\Users\GLSchool01\Documents\NguyenVanHoan\NewTrainingFramework\NewTrainingFramework\GameManager\GSPlay.cpp(470,53): warning C4244: 'argument': conversion from 'double' to 'float', possible loss of data
C:\Users\GLSchool01\Documents\NguyenVanHoan\NewTrainingFramework\NewTrainingFramework\GameManager\GSPlay.cpp(470,32): warning C4244: 'argument': conversion from 'double' to 'float', possible loss of data
C:\Users\GLSchool01\Documents\NguyenVanHoan\NewTrainingFramework\NewTrainingFramework\GameManager\GSPlay.cpp(498,38): warning C4244: 'argument': conversion from 'double' to 'float', possible loss of data
C:\Users\GLSchool01\Documents\NguyenVanHoan\NewTrainingFramework\NewTrainingFramework\GameManager\GSPlay.cpp(502,39): warning C4244: 'argument': conversion from 'double' to 'float', possible loss of data
C:\Users\GLSchool01\Documents\NguyenVanHoan\NewTrainingFramework\NewTrainingFramework\GameManager\GSPlay.cpp(686,42): warning C4305: 'argument': truncation from 'double' to 'float'
C:\Users\GLSchool01\Documents\NguyenVanHoan\NewTrainingFramework\NewTrainingFramework\GameManager\GSPlay.cpp(865,33): warning C4244: '=': conversion from 'float' to 'int', possible loss of data
C:\Users\GLSchool01\Documents\NguyenVanHoan\NewTrainingFramework\NewTrainingFramework\GameManager\GSPlay.cpp(866,33): warning C4244: '=': conversion from 'float' to 'int', possible loss of data
C:\Users\GLSchool01\Documents\NguyenVanHoan\NewTrainingFramework\NewTrainingFramework\GameManager\GSPlay.cpp(932,67): warning C4244: 'argument': conversion from 'double' to 'GLfloat', possible loss of data
C:\Users\GLSchool01\Documents\NguyenVanHoan\NewTrainingFramework\NewTrainingFramework\GameManager\GSPlay.cpp(986,57): warning C4244: 'argument': conversion from 'float' to 'int', possible loss of data
C:\Users\GLSchool01\Documents\NguyenVanHoan\NewTrainingFramework\NewTrainingFramework\GameManager\GSPlay.cpp(986,52): warning C4244: 'argument': conversion from 'float' to 'int', possible loss of data
C:\Users\GLSchool01\Documents\NguyenVanHoan\NewTrainingFramework\NewTrainingFramework\GameManager\GSPlay.cpp(1006,61): warning C4244: 'argument': conversion from 'float' to 'int', possible loss of data
C:\Users\GLSchool01\Documents\NguyenVanHoan\NewTrainingFramework\NewTrainingFramework\GameManager\GSPlay.cpp(1006,53): warning C4244: 'argument': conversion from 'float' to 'int', possible loss of data
C:\Users\GLSchool01\Documents\NguyenVanHoan\NewTrainingFramework\NewTrainingFramework\GameManager\GSPlay.cpp(1026,60): warning C4244: 'argument': conversion from 'float' to 'int', possible loss of data
C:\Users\GLSchool01\Documents\NguyenVanHoan\NewTrainingFramework\NewTrainingFramework\GameManager\GSPlay.cpp(1026,52): warning C4244: 'argument': conversion from 'float' to 'int', possible loss of data
C:\Users\GLSchool01\Documents\NguyenVanHoan\NewTrainingFramework\NewTrainingFramework\GameManager\GSPlay.cpp(1045,59): warning C4244: 'argument': conversion from 'float' to 'int', possible loss of data
C:\Users\GLSchool01\Documents\NguyenVanHoan\NewTrainingFramework\NewTrainingFramework\GameManager\GSPlay.cpp(1045,54): warning C4244: 'argument': conversion from 'float' to 'int', possible loss of data
C:\Users\GLSchool01\Documents\NguyenVanHoan\NewTrainingFramework\NewTrainingFramework\GameManager\GSPlay.cpp(1162,28): warning C4477: 'printf' : format string '%f' requires an argument of type 'double', but variadic argument 1 has type 'int'
C:\Users\GLSchool01\Documents\NguyenVanHoan\NewTrainingFramework\NewTrainingFramework\GameManager\GSPlay.cpp(1170,28): warning C4477: 'printf' : format string '%f' requires an argument of type 'double', but variadic argument 1 has type 'int'
  Generating code
  0 of 4390 functions ( 0.0%) were compiled, the rest were copied from previous compilation.
    0 functions were new in current compilation
    0 functions had inline decision re-evaluated but remain unchanged
  Finished generating code
  NewTrainingFramework.vcxproj -> C:\Users\GLSchool01\Documents\NguyenVanHoan\NewTrainingFramework\Release\NewTrainingFramework.exe
